hachau@hachau:~/fabric-samples/bankchain$ docker ps
CONTAINER ID   IMAGE     COMMAND   CREATED   STATUS    PORTS     NAMES
hachau@hachau:~/fabric-samples/bankchain$ docker exec -it cli bash
Error response from daemon: container 0ccd9e0f85470cbfbd41a22e0e79df8631364d9f6981f6995409e28e728b8057 is not running
hachau@hachau:~/fabric-samples/bankchain$ docker logs cli --tail=100
hachau@hachau:~/fabric-samples/bankchain$ docker ps
CONTAINER ID   IMAGE     COMMAND   CREATED   STATUS    PORTS     NAMES
hachau@hachau:~/fabric-samples/bankchain$ docker exec -it cli bash
Error response from daemon: container 0ccd9e0f85470cbfbd41a22e0e79df8631364d9f6981f6995409e28e728b8057 is not running
hachau@hachau:~/fabric-samples/bankchain$

