hachau@hachau:~/fabric-samples/bankchain$ docker exec -it cli bash
root@ca7633c40326:/opt/gopath/src/github.com/hyperledger/fabric/peer# export CORE_PEER_LOCALMSPID="bankaMSP"
export CORE_PEER_MSPCONFIGPATH=/opt/gopath/src/github.com/hyperledger/fabric/peer/crypto/peerOrganizations/banka.example.com/users/Admin@banka.example.com/msp
export CORE_PEER_ADDRESS=peer0.banka.example.com:7051
export CORE_PEER_TLS_ROOTCERT_FILE=/opt/gopath/src/github.com/hyperledger/fabric/peer/crypto/peerOrganizations/banka.example.com/peers/peer0.banka.example.com/tls/ca.crt

export CHANNEL_NAME=bankchannel
root@ca7633c40326:/opt/gopath/src/github.com/hyperledger/fabric/peer# peer channel join -b ./channel-artifacts/bankchannel.block
Error: error getting endorser client for channel: endorser client failed to connect to peer0.banka.example.com:7051: failed to create new connection: connection error: desc = "transport: error while dialing: dial tcp: lookup peer0.banka.example.com on 127.0.0.11:53: no such host"
root@ca7633c40326:/opt/gopath/src/github.com/hyperledger/fabric/peer# export CORE_PEER_LOCALMSPID="bankaMSP"
export CORE_PEER_ADDRESS=peer0.banka.example.com:7051
export CORE_PEER_MSPCONFIGPATH=/opt/gopath/src/github.com/hyperledger/fabric/peer/crypto/peerOrganizations/banka.example.com/users/Admin@banka.example.com/msp
export CORE_PEER_TLS_ROOTCERT_FILE=/opt/gopath/src/github.com/hyperledger/fabric/peer/crypto/peerOrganizations/banka.example.com/peers/peer0.banka.example.com/tls/ca.crt
root@ca7633c40326:/opt/gopath/src/github.com/hyperledger/fabric/peer# ping -c 3 peer0.banka.example.com
bash: ping: command not found
root@ca7633c40326:/opt/gopath/src/github.com/hyperledger/fabric/peer# docker inspect cli | grep bankchain
bash: docker: command not found
root@ca7633c40326:/opt/gopath/src/github.com/hyperledger/fabric/peer# docker network connect bankchain cli
bash: docker: command not found
root@ca7633c40326:/opt/gopath/src/github.com/hyperledger/fabric/peer# exit
exit
hachau@hachau:~/fabric-samples/bankchain$ docker inspect cli | grep bankchain
                "/home/hachau/fabric-samples/bankchain/crypto-config:/opt/gopath/src/github.com/hyperledger/fabric/peer/crypto:rw",
                "/home/hachau/fabric-samples/bankchain/channel-artifacts:/opt/gopath/src/github.com/hyperledger/fabric/peer/channel-artifacts:rw",
                "/home/hachau/fabric-samples/bankchain/scripts:/opt/gopath/src/github.com/hyperledger/fabric/peer/scripts:rw",
            "NetworkMode": "bankchain_bankchain",
                "Source": "/home/hachau/fabric-samples/bankchain/crypto-config",
                "Source": "/home/hachau/fabric-samples/bankchain/channel-artifacts",
                "Source": "/home/hachau/fabric-samples/bankchain/scripts",
                "com.docker.compose.project": "bankchain",
                "com.docker.compose.project.config_files": "/home/hachau/fabric-samples/bankchain/docker-compose-bankchain.yaml",
                "com.docker.compose.project.working_dir": "/home/hachau/fabric-samples/bankchain",
                "bankchain_bankchain": {
hachau@hachau:~/fabric-samples/bankchain$ docker network connect bankchain cli
Error response from daemon: network bankchain not found
hachau@hachau:~/fabric-samples/bankchain$ 



✅ Bước 3: Join channel

Trong CLI:

peer channel join -b ./channel-artifacts/bankchannel.block

export CHANNEL_NAME=bankchannel
root@ca7633c40326:/opt/gopath/src/github.com/hyperledger/fabric/peer# peer channel join -b ./channel-artifacts/bankchannel.block
Error: error getting endorser client for channel: endorser client failed to connect to peer0.banka.example.com:7051: failed to create new connection: connection error: desc = "transport: error while dialing: dial tcp: lookup peer0.banka.example.com on 127.0.0.11:53: no such host"
root@ca7633c40326:/opt/gopath/src/github.com/hyperledger/fabric/peer#
Nếu đúng sẽ hiện:

Successfully submitted proposal to join channel

✅ Bước 4: Set môi trường cho peer1.banka (nếu muốn join)
export CORE_PEER_ADDRESS=peer1.banka.example.com:8051

peer channel join -b ./channel-artifacts/bankchannel.block

✅ Bước 5: Set môi trường cho peer0.bankb rồi join
export CORE_PEER_LOCALMSPID="bankbMSP"
export CORE_PEER_MSPCONFIGPATH=/opt/gopath/src/github.com/hyperledger/fabric/peer/crypto/peerOrganizations/bankb.example.com/users/Admin@bankb.example.com/msp
export CORE_PEER_ADDRESS=peer0.bankb.example.com:9051
export CORE_PEER_TLS_ROOTCERT_FILE=/opt/gopath/src/github.com/hyperledger/fabric/peer/crypto/peerOrganizations/bankb.example.com/peers/peer0.bankb.example.com/tls/ca.crt

peer channel join -b ./channel-artifacts/bankchannel.block

✅ Bước 6: Join tiếp peer1.bankb
export CORE_PEER_ADDRESS=peer1.bankb.example.com:10051

peer channel join -b ./channel-artifacts/bankchannel.block

✅ Gửi mình Screenshot khi bạn chạy:
peer channel join -b ./channel-artifacts/bankchannel.block
